Refreshing run status every 30 seconds. Press Ctrl+C to quit.

* main Deploy GitHub Pages · 34324534917
Triggered via push less than a minute ago

JOBS
* build (ID 102378641311)
  ✓ Set up job
  * Run actions/checkout@v4
  * Run actions/setup-node@v4
  * Run npm ci
  * Rebuild complete social downloads from final assets
  * Run npm test
  * Run npm run check:lessons
  * Update the permanent social media library
  * Run npm run build:pages
  * Build the isolated weather-learning preview (never the root domain or Apple bundle)
  * Add the owner-review weather playground
  * Add the separate launch media gallery (not bundled in iOS)
  * Add the origin-story media gallery (not bundled in iOS)
  * Add the complete multi-platform story pack (not bundled in iOS)
  * Add the static Astra Stories gallery (not bundled in iOS)
  * Add the permanent social media library (not bundled in iOS)
  * Add weather-preview social copy for owner approval
  * Add the new static story pack and original plus 4K wallpapers
  * Run actions/configure-pages@v5
  * Add code-only hosting updates (not bundled in native apps)
  * Run actions/upload-pages-artifact@v3
  * Post Run actions/checkout@v4
Refreshing run status every 30 seconds. Press Ctrl+C to quit.

* main Deploy GitHub Pages · 34324534917
Triggered via push about 1 minute ago

JOBS
* build (ID 102378641311)
  ✓ Set up job
  ✓ Run actions/checkout@v4
  ✓ Run actions/setup-node@v4
  ✓ Run npm ci
  ✓ Rebuild complete social downloads from final assets
  * Run npm test
  * Run npm run check:lessons
  * Update the permanent social media library
  * Run npm run build:pages
  * Build the isolated weather-learning preview (never the root domain or Apple bundle)
  * Add the owner-review weather playground
  * Add the separate launch media gallery (not bundled in iOS)
  * Add the origin-story media gallery (not bundled in iOS)
  * Add the complete multi-platform story pack (not bundled in iOS)
  * Add the static Astra Stories gallery (not bundled in iOS)
  * Add the permanent social media library (not bundled in iOS)
  * Add weather-preview social copy for owner approval
  * Add the new static story pack and original plus 4K wallpapers
  * Run actions/configure-pages@v5
  * Add code-only hosting updates (not bundled in native apps)
  * Run actions/upload-pages-artifact@v3
  * Post Run actions/setup-node@v4
  * Post Run actions/checkout@v4
Refreshing run status every 30 seconds. Press Ctrl+C to quit.

* main Deploy GitHub Pages · 34324534917
Triggered via push about 1 minute ago

JOBS
* build (ID 102378641311)
  ✓ Set up job
  ✓ Run actions/checkout@v4
  ✓ Run actions/setup-node@v4
  ✓ Run npm ci
  ✓ Rebuild complete social downloads from final assets
  ✓ Run npm test
  ✓ Run npm run check:lessons
  ✓ Update the permanent social media library
  ✓ Run npm run build:pages
  ✓ Build the isolated weather-learning preview (never the root domain or Apple bundle)
  ✓ Add the owner-review weather playground
  ✓ Add the separate launch media gallery (not bundled in iOS)
  ✓ Add the origin-story media gallery (not bundled in iOS)
  ✓ Add the complete multi-platform story pack (not bundled in iOS)
  ✓ Add the static Astra Stories gallery (not bundled in iOS)
  ✓ Add the permanent social media library (not bundled in iOS)
  ✓ Add weather-preview social copy for owner approval
  ✓ Add the new static story pack and original plus 4K wallpapers
  ✓ Run actions/configure-pages@v5
  ✓ Add code-only hosting updates (not bundled in native apps)
  * Run actions/upload-pages-artifact@v3
  * Post Run actions/setup-node@v4
  * Post Run actions/checkout@v4
Refreshing run status every 30 seconds. Press Ctrl+C to quit.

* main Deploy GitHub Pages · 34324534917
Triggered via push about 2 minutes ago

JOBS
✓ build in 1m37s (ID 102378641311)
  ✓ Set up job
  ✓ Run actions/checkout@v4
  ✓ Run actions/setup-node@v4
  ✓ Run npm ci
  ✓ Rebuild complete social downloads from final assets
  ✓ Run npm test
  ✓ Run npm run check:lessons
  ✓ Update the permanent social media library
  ✓ Run npm run build:pages
  ✓ Build the isolated weather-learning preview (never the root domain or Apple bundle)
  ✓ Add the owner-review weather playground
  ✓ Add the separate launch media gallery (not bundled in iOS)
  ✓ Add the origin-story media gallery (not bundled in iOS)
  ✓ Add the complete multi-platform story pack (not bundled in iOS)
  ✓ Add the static Astra Stories gallery (not bundled in iOS)
  ✓ Add the permanent social media library (not bundled in iOS)
  ✓ Add weather-preview social copy for owner approval
  ✓ Add the new static story pack and original plus 4K wallpapers
  ✓ Run actions/configure-pages@v5
  ✓ Add code-only hosting updates (not bundled in native apps)
  ✓ Run actions/upload-pages-artifact@v3
  ✓ Post Run actions/setup-node@v4
  ✓ Post Run actions/checkout@v4
  ✓ Complete job
* deploy (ID 102379081028)
  ✓ Set up job
  * Deploy to GitHub Pages

ANNOTATIONS
! Node.js 20 is deprecated. The following actions target Node.js 20 but are being forced to run on Node.js 24: actions/checkout@v4, actions/configure-pages@v5, actions/setup-node@v4, actions/upload-artifact@v4. For more information see: https://github.blog/changelog/2025-09-19-deprecation-of-node-20-on-github-actions-runners/
build: .github#2

✓ main Deploy GitHub Pages · 34324534917
Triggered via push about 2 minutes ago

JOBS
✓ build in 1m37s (ID 102378641311)
  ✓ Set up job
  ✓ Run actions/checkout@v4
  ✓ Run actions/setup-node@v4
  ✓ Run npm ci
  ✓ Rebuild complete social downloads from final assets
  ✓ Run npm test
  ✓ Run npm run check:lessons
  ✓ Update the permanent social media library
  ✓ Run npm run build:pages
  ✓ Build the isolated weather-learning preview (never the root domain or Apple bundle)
  ✓ Add the owner-review weather playground
  ✓ Add the separate launch media gallery (not bundled in iOS)
  ✓ Add the origin-story media gallery (not bundled in iOS)
  ✓ Add the complete multi-platform story pack (not bundled in iOS)
  ✓ Add the static Astra Stories gallery (not bundled in iOS)
  ✓ Add the permanent social media library (not bundled in iOS)
  ✓ Add weather-preview social copy for owner approval
  ✓ Add the new static story pack and original plus 4K wallpapers
  ✓ Run actions/configure-pages@v5
  ✓ Add code-only hosting updates (not bundled in native apps)
  ✓ Run actions/upload-pages-artifact@v3
  ✓ Post Run actions/setup-node@v4
  ✓ Post Run actions/checkout@v4
  ✓ Complete job
✓ deploy in 29s (ID 102379081028)
  ✓ Set up job
  ✓ Deploy to GitHub Pages
  ✓ Complete job

ANNOTATIONS
! Node.js 20 is deprecated. The following actions target Node.js 20 but are being forced to run on Node.js 24: actions/checkout@v4, actions/configure-pages@v5, actions/setup-node@v4, actions/upload-artifact@v4. For more information see: https://github.blog/changelog/2025-09-19-deprecation-of-node-20-on-github-actions-runners/
build: .github#2

! Node.js 20 is deprecated. The following actions target Node.js 20 but are being forced to run on Node.js 24: actions/deploy-pages@v4. For more information see: https://github.blog/changelog/2025-09-19-deprecation-of-node-20-on-github-actions-runners/
deploy: .github#4
